// Jest Snapshot v1, https://goo.gl/fbAQLP

exports[`renders correctly 1`] = `
<div
  className="client-dropdown-list-item"
>
  Rochella
   
  Chipchase
   from 
  Egypt
</div>
`;
