// Jest Snapshot v1, https://goo.gl/fbAQLP

exports[`the component renders correctly 1`] = `
<div
  className="client-search"
>
  <input
    className="client-search__field"
    onChange={[Function]}
    onKeyDown={[Function]}
    type="text"
    value=""
  />
</div>
`;
